// Jest Snapshot v1, https://goo.gl/fbAQLP

exports[`withHandleReviewForm renders correctly 1`] = `
<div
  className="test-class"
/>
`;
