// Jest Snapshot v1, https://goo.gl/fbAQLP

exports[`withOpeningState renders correctly 1`] = `<div />`;
